en:
  different: "B"
  sub_key:
    different: "Z"
